2025-11-29 13:18:49 [INF] Sending CANCEL notification to WesternUnionUAT for EndToEndId=2228083818368660 with code=4024
2025-11-29 13:18:51 [INF] WU response OK for EndToEndId=2228083818368660. StatusCode=200, Body={
  "header" : {
    "msgId" : "2228083818368660",
    "creationDateTime" : "2025-11-29 07:18:49.254"
  },
  "paymentInfo" : {
    "identification" : {
      "endToEndId" : "2228083818368660"
    }
  },
  "status" : {
    "code" : "404",
    "subCode" : "7200",
    "msg" : "Transaction does not exist."
  }
}
2025-11-29 13:18:53 [INF] Sending CANCEL notification to WesternUnionUAT for EndToEndId=2228084322867817 with code=4024
2025-11-29 13:18:53 [INF] WU response OK for EndToEndId=2228084322867817. StatusCode=200, Body={
  "header" : {
    "msgId" : "2228084322867817",
    "creationDateTime" : "2025-11-29 07:18:53.576"
  },
  "paymentInfo" : {
    "identification" : {
      "endToEndId" : "2228084322867817"
    }
  },
  "status" : {
    "code" : "404",
    "subCode" : "7200",
    "msg" : "Transaction does not exist."
  }
}
2025-11-29 13:18:55 [INF] Sending CANCEL notification to WesternUnionUAT for EndToEndId=2228480892049530 with code=4024
2025-11-29 13:18:55 [INF] WU response OK for EndToEndId=2228480892049530. StatusCode=200, Body={
  "header" : {
    "msgId" : "2228480892049530",
    "creationDateTime" : "2025-11-29 07:18:55.527"
  },
  "paymentInfo" : {
    "identification" : {
      "endToEndId" : "2228480892049530"
    }
  },
  "status" : {
    "code" : "404",
    "subCode" : "7200",
    "msg" : "Transaction does not exist."
  }
}
2025-11-29 13:18:57 [INF] Sending CANCEL notification to WesternUnionUAT for EndToEndId=2228485770766160 with code=4024
2025-11-29 13:18:57 [INF] WU response OK for EndToEndId=2228485770766160. StatusCode=200, Body={
  "header" : {
    "msgId" : "2228485770766160",
    "creationDateTime" : "2025-11-29 07:18:57.464"
  },
  "paymentInfo" : {
    "identification" : {
      "endToEndId" : "2228485770766160"
    }
  },
  "status" : {
    "code" : "404",
    "subCode" : "7200",
    "msg" : "Transaction does not exist."
  }
}
2025-11-29 13:18:59 [INF] Sending CANCEL notification to WesternUnionUAT for EndToEndId=2228489720707017 with code=4024
2025-11-29 13:18:59 [INF] WU response OK for EndToEndId=2228489720707017. StatusCode=200, Body={
  "header" : {
    "msgId" : "2228489720707017",
    "creationDateTime" : "2025-11-29 07:18:59.413"
  },
  "paymentInfo" : {
    "identification" : {
      "endToEndId" : "2228489720707017"
    }
  },
  "status" : {
    "code" : "404",
    "subCode" : "7200",
    "msg" : "Transaction does not exist."
  }
}
2025-11-29 13:19:01 [INF] Sending CANCEL notification to WesternUnionUAT for EndToEndId=2228680982055570 with code=4024
2025-11-29 13:19:01 [INF] WU response OK for EndToEndId=2228680982055570. StatusCode=200, Body={
  "header" : {
    "msgId" : "2228680982055570",
    "creationDateTime" : "2025-11-29 07:19:01.380"
  },
  "paymentInfo" : {
    "identification" : {
      "endToEndId" : "2228680982055570"
    }
  },
  "status" : {
    "code" : "404",
    "subCode" : "7200",
    "msg" : "Transaction does not exist."
  }
}
2025-11-29 13:19:03 [INF] Sending CANCEL notification to WesternUnionUAT for EndToEndId=2228682621874171 with code=4024
2025-11-29 13:19:03 [INF] WU response OK for EndToEndId=2228682621874171. StatusCode=200, Body={
  "header" : {
    "msgId" : "2228682621874171",
    "creationDateTime" : "2025-11-29 07:19:03.317"
  },
  "paymentInfo" : {
    "identification" : {
      "endToEndId" : "2228682621874171"
    }
  },
  "status" : {
    "code" : "200",
    "subCode" : "0000",
    "msg" : "State is changed successfully"
  }
}
2025-11-29 13:19:05 [INF] Sending CANCEL notification to WesternUnionUAT for EndToEndId=2228682921289164 with code=4024
2025-11-29 13:19:05 [INF] WU response OK for EndToEndId=2228682921289164. StatusCode=200, Body={
  "header" : {
    "msgId" : "2228682921289164",
    "creationDateTime" : "2025-11-29 07:19:05.349"
  },
  "paymentInfo" : {
    "identification" : {
      "endToEndId" : "2228682921289164"
    }
  },
  "status" : {
    "code" : "404",
    "subCode" : "7200",
    "msg" : "Transaction does not exist."
  }
}
2025-11-29 13:19:07 [INF] Sending CANCEL notification to WesternUnionUAT for EndToEndId=2228684241743904 with code=4024
2025-11-29 13:19:07 [INF] WU response OK for EndToEndId=2228684241743904. StatusCode=200, Body={
  "header" : {
    "msgId" : "2228684241743904",
    "creationDateTime" : "2025-11-29 07:19:07.317"
  },
  "paymentInfo" : {
    "identification" : {
      "endToEndId" : "2228684241743904"
    }
  },
  "status" : {
    "code" : "500",
    "subCode" : "1510",
    "msg" : "Invalid payment state transition"
  }
}
2025-11-29 13:19:09 [INF] Sending CANCEL notification to WesternUnionUAT for EndToEndId=2228689290367575 with code=4024
2025-11-29 13:19:09 [INF] WU response OK for EndToEndId=2228689290367575. StatusCode=200, Body={
  "header" : {
    "msgId" : "2228689290367575",
    "creationDateTime" : "2025-11-29 07:19:09.356"
  },
  "paymentInfo" : {
    "identification" : {
      "endToEndId" : "2228689290367575"
    }
  },
  "status" : {
    "code" : "200",
    "subCode" : "0000",
    "msg" : "State is changed successfully"
  }
}
2025-11-29 13:19:11 [INF] Sending CANCEL notification to WesternUnionUAT for EndToEndId=2231289051334951 with code=4024
2025-11-29 13:19:11 [INF] WU response OK for EndToEndId=2231289051334951. StatusCode=200, Body={
  "header" : {
    "msgId" : "2231289051334951",
    "creationDateTime" : "2025-11-29 07:19:11.405"
  },
  "paymentInfo" : {
    "identification" : {
      "endToEndId" : "2231289051334951"
    }
  },
  "status" : {
    "code" : "404",
    "subCode" : "7200",
    "msg" : "Transaction does not exist."
  }
}
2025-11-29 13:19:13 [INF] Sending CANCEL notification to WesternUnionUAT for EndToEndId=2305284391155202 with code=4024
2025-11-29 13:19:13 [INF] WU response OK for EndToEndId=2305284391155202. StatusCode=200, Body={
  "header" : {
    "msgId" : "2305284391155202",
    "creationDateTime" : "2025-11-29 07:19:13.356"
  },
  "paymentInfo" : {
    "identification" : {
      "endToEndId" : "2305284391155202"
    }
  },
  "status" : {
    "code" : "200",
    "subCode" : "0000",
    "msg" : "State is changed successfully"
  }
}
2025-11-29 13:19:15 [INF] Sending CANCEL notification to WesternUnionUAT for EndToEndId=2305586990205069 with code=4024
2025-11-29 13:19:15 [INF] WU response OK for EndToEndId=2305586990205069. StatusCode=200, Body={
  "header" : {
    "msgId" : "2305586990205069",
    "creationDateTime" : "2025-11-29 07:19:15.421"
  },
  "paymentInfo" : {
    "identification" : {
      "endToEndId" : "2305586990205069"
    }
  },
  "status" : {
    "code" : "200",
    "subCode" : "0000",
    "msg" : "State is changed successfully"
  }
}
2025-11-29 13:19:17 [INF] Sending PAID notification to WesternUnionUAT for EndToEndId=2334184040728559 with code=4030
2025-11-29 13:19:17 [INF] WU response OK for EndToEndId=2334184040728559. StatusCode=200, Body={
  "header" : {
    "msgId" : "2334184040728559",
    "creationDateTime" : "2025-11-29 07:19:17.481"
  },
  "paymentInfo" : {
    "identification" : {
      "endToEndId" : "2334184040728559"
    }
  },
  "status" : {
    "code" : "404",
    "subCode" : "7200",
    "msg" : "Transaction does not exist."
  }
}
2025-11-29 13:19:19 [INF] Sending PAID notification to WesternUnionUAT for EndToEndId=2334186940178686 with code=4030
2025-11-29 13:19:19 [INF] WU response OK for EndToEndId=2334186940178686. StatusCode=200, Body={
  "header" : {
    "msgId" : "2334186940178686",
    "creationDateTime" : "2025-11-29 07:19:19.402"
  },
  "paymentInfo" : {
    "identification" : {
      "endToEndId" : "2334186940178686"
    }
  },
  "status" : {
    "code" : "404",
    "subCode" : "7200",
    "msg" : "Transaction does not exist."
  }
}
2025-11-29 13:19:21 [INF] Sending PAID notification to WesternUnionUAT for EndToEndId=2334187339242397 with code=4030
2025-11-29 13:19:21 [INF] WU response OK for EndToEndId=2334187339242397. StatusCode=200, Body={
  "header" : {
    "msgId" : "2334187339242397",
    "creationDateTime" : "2025-11-29 07:19:21.324"
  },
  "paymentInfo" : {
    "identification" : {
      "endToEndId" : "2334187339242397"
    }
  },
  "status" : {
    "code" : "404",
    "subCode" : "7200",
    "msg" : "Transaction does not exist."
  }
}
2025-11-29 13:19:23 [INF] Sending PAID notification to WesternUnionUAT for EndToEndId=2334188245095223 with code=4030
2025-11-29 13:19:23 [INF] WU response OK for EndToEndId=2334188245095223. StatusCode=200, Body={
  "header" : {
    "msgId" : "2334188245095223",
    "creationDateTime" : "2025-11-29 07:19:23.253"
  },
  "paymentInfo" : {
    "identification" : {
      "endToEndId" : "2334188245095223"
    }
  },
  "status" : {
    "code" : "404",
    "subCode" : "7200",
    "msg" : "Transaction does not exist."
  }
}
2025-11-29 13:19:25 [INF] Sending PAID notification to WesternUnionUAT for EndToEndId=2410682753149512 with code=4030
2025-11-29 13:19:25 [INF] WU response OK for EndToEndId=2410682753149512. StatusCode=200, Body={
  "header" : {
    "msgId" : "2410682753149512",
    "creationDateTime" : "2025-11-29 07:19:25.205"
  },
  "paymentInfo" : {
    "identification" : {
      "endToEndId" : "2410682753149512"
    }
  },
  "status" : {
    "code" : "200",
    "subCode" : "0000",
    "msg" : "State is changed successfully"
  }
}
2025-11-29 13:19:27 [INF] Sending PAID notification to WesternUnionUAT for EndToEndId=2410685610728330 with code=4030
2025-11-29 13:19:27 [INF] WU response OK for EndToEndId=2410685610728330. StatusCode=200, Body={
  "header" : {
    "msgId" : "2410685610728330",
    "creationDateTime" : "2025-11-29 07:19:27.297"
  },
  "paymentInfo" : {
    "identification" : {
      "endToEndId" : "2410685610728330"
    }
  },
  "status" : {
    "code" : "200",
    "subCode" : "0000",
    "msg" : "State is changed successfully"
  }
}
2025-11-29 13:19:29 [INF] Sending PAID notification to WesternUnionUAT for EndToEndId=2410689111046871 with code=4030
2025-11-29 13:19:29 [INF] WU response OK for EndToEndId=2410689111046871. StatusCode=200, Body={
  "header" : {
    "msgId" : "2410689111046871",
    "creationDateTime" : "2025-11-29 07:19:29.389"
  },
  "paymentInfo" : {
    "identification" : {
      "endToEndId" : "2410689111046871"
    }
  },
  "status" : {
    "code" : "200",
    "subCode" : "0000",
    "msg" : "State is changed successfully"
  }
}
2025-11-29 13:20:21 [INF] Sending CANCEL notification to WesternUnionUAT for EndToEndId=2228083818368660 with code=4024
2025-11-29 13:20:22 [INF] WU response OK for EndToEndId=2228083818368660. StatusCode=200, Body={
  "header" : {
    "msgId" : "2228083818368660",
    "creationDateTime" : "2025-11-29 07:20:21.488"
  },
  "paymentInfo" : {
    "identification" : {
      "endToEndId" : "2228083818368660"
    }
  },
  "status" : {
    "code" : "404",
    "subCode" : "7200",
    "msg" : "Transaction does not exist."
  }
}
2025-11-29 13:20:23 [INF] Sending CANCEL notification to WesternUnionUAT for EndToEndId=2228084322867817 with code=4024
2025-11-29 13:20:24 [INF] WU response OK for EndToEndId=2228084322867817. StatusCode=200, Body={
  "header" : {
    "msgId" : "2228084322867817",
    "creationDateTime" : "2025-11-29 07:20:23.669"
  },
  "paymentInfo" : {
    "identification" : {
      "endToEndId" : "2228084322867817"
    }
  },
  "status" : {
    "code" : "404",
    "subCode" : "7200",
    "msg" : "Transaction does not exist."
  }
}
2025-11-29 13:20:25 [INF] Sending CANCEL notification to WesternUnionUAT for EndToEndId=2228480892049530 with code=4024
2025-11-29 13:20:25 [INF] WU response OK for EndToEndId=2228480892049530. StatusCode=200, Body={
  "header" : {
    "msgId" : "2228480892049530",
    "creationDateTime" : "2025-11-29 07:20:25.623"
  },
  "paymentInfo" : {
    "identification" : {
      "endToEndId" : "2228480892049530"
    }
  },
  "status" : {
    "code" : "404",
    "subCode" : "7200",
    "msg" : "Transaction does not exist."
  }
}
2025-11-29 13:20:27 [INF] Sending CANCEL notification to WesternUnionUAT for EndToEndId=2228485770766160 with code=4024
2025-11-29 13:20:27 [INF] WU response OK for EndToEndId=2228485770766160. StatusCode=200, Body={
  "header" : {
    "msgId" : "2228485770766160",
    "creationDateTime" : "2025-11-29 07:20:27.548"
  },
  "paymentInfo" : {
    "identification" : {
      "endToEndId" : "2228485770766160"
    }
  },
  "status" : {
    "code" : "404",
    "subCode" : "7200",
    "msg" : "Transaction does not exist."
  }
}
2025-11-29 13:20:29 [INF] Sending CANCEL notification to WesternUnionUAT for EndToEndId=2228489720707017 with code=4024
2025-11-29 13:20:29 [INF] WU response OK for EndToEndId=2228489720707017. StatusCode=200, Body={
  "header" : {
    "msgId" : "2228489720707017",
    "creationDateTime" : "2025-11-29 07:20:29.470"
  },
  "paymentInfo" : {
    "identification" : {
      "endToEndId" : "2228489720707017"
    }
  },
  "status" : {
    "code" : "404",
    "subCode" : "7200",
    "msg" : "Transaction does not exist."
  }
}
2025-11-29 13:20:31 [INF] Sending CANCEL notification to WesternUnionUAT for EndToEndId=2228680982055570 with code=4024
2025-11-29 13:20:31 [INF] WU response OK for EndToEndId=2228680982055570. StatusCode=200, Body={
  "header" : {
    "msgId" : "2228680982055570",
    "creationDateTime" : "2025-11-29 07:20:31.391"
  },
  "paymentInfo" : {
    "identification" : {
      "endToEndId" : "2228680982055570"
    }
  },
  "status" : {
    "code" : "404",
    "subCode" : "7200",
    "msg" : "Transaction does not exist."
  }
}
2025-11-29 13:20:33 [INF] Sending CANCEL notification to WesternUnionUAT for EndToEndId=2228682621874171 with code=4024
2025-11-29 13:20:33 [INF] WU response OK for EndToEndId=2228682621874171. StatusCode=200, Body={
  "header" : {
    "msgId" : "2228682621874171",
    "creationDateTime" : "2025-11-29 07:20:33.328"
  },
  "paymentInfo" : {
    "identification" : {
      "endToEndId" : "2228682621874171"
    }
  },
  "status" : {
    "code" : "200",
    "subCode" : "0000",
    "msg" : "State is changed successfully"
  }
}
2025-11-29 13:20:35 [INF] Sending CANCEL notification to WesternUnionUAT for EndToEndId=2228682921289164 with code=4024
2025-11-29 13:20:35 [INF] WU response OK for EndToEndId=2228682921289164. StatusCode=200, Body={
  "header" : {
    "msgId" : "2228682921289164",
    "creationDateTime" : "2025-11-29 07:20:35.349"
  },
  "paymentInfo" : {
    "identification" : {
      "endToEndId" : "2228682921289164"
    }
  },
  "status" : {
    "code" : "404",
    "subCode" : "7200",
    "msg" : "Transaction does not exist."
  }
}
2025-11-29 13:20:37 [INF] Sending CANCEL notification to WesternUnionUAT for EndToEndId=2228684241743904 with code=4024
2025-11-29 13:20:37 [INF] WU response OK for EndToEndId=2228684241743904. StatusCode=200, Body={
  "header" : {
    "msgId" : "2228684241743904",
    "creationDateTime" : "2025-11-29 07:20:37.269"
  },
  "paymentInfo" : {
    "identification" : {
      "endToEndId" : "2228684241743904"
    }
  },
  "status" : {
    "code" : "500",
    "subCode" : "1510",
    "msg" : "Invalid payment state transition"
  }
}
2025-11-29 13:20:39 [INF] Sending CANCEL notification to WesternUnionUAT for EndToEndId=2228689290367575 with code=4024
2025-11-29 13:20:39 [INF] WU response OK for EndToEndId=2228689290367575. StatusCode=200, Body={
  "header" : {
    "msgId" : "2228689290367575",
    "creationDateTime" : "2025-11-29 07:20:39.269"
  },
  "paymentInfo" : {
    "identification" : {
      "endToEndId" : "2228689290367575"
    }
  },
  "status" : {
    "code" : "200",
    "subCode" : "0000",
    "msg" : "State is changed successfully"
  }
}
2025-11-29 13:20:41 [INF] Sending CANCEL notification to WesternUnionUAT for EndToEndId=2231289051334951 with code=4024
2025-11-29 13:20:41 [INF] WU response OK for EndToEndId=2231289051334951. StatusCode=200, Body={
  "header" : {
    "msgId" : "2231289051334951",
    "creationDateTime" : "2025-11-29 07:20:41.565"
  },
  "paymentInfo" : {
    "identification" : {
      "endToEndId" : "2231289051334951"
    }
  },
  "status" : {
    "code" : "404",
    "subCode" : "7200",
    "msg" : "Transaction does not exist."
  }
}
2025-11-29 13:20:43 [INF] Sending CANCEL notification to WesternUnionUAT for EndToEndId=2305284391155202 with code=4024
2025-11-29 13:20:43 [INF] WU response OK for EndToEndId=2305284391155202. StatusCode=200, Body={
  "header" : {
    "msgId" : "2305284391155202",
    "creationDateTime" : "2025-11-29 07:20:43.478"
  },
  "paymentInfo" : {
    "identification" : {
      "endToEndId" : "2305284391155202"
    }
  },
  "status" : {
    "code" : "200",
    "subCode" : "0000",
    "msg" : "State is changed successfully"
  }
}
2025-11-29 13:20:45 [INF] Sending CANCEL notification to WesternUnionUAT for EndToEndId=2305586990205069 with code=4024
2025-11-29 13:20:45 [INF] WU response OK for EndToEndId=2305586990205069. StatusCode=200, Body={
  "header" : {
    "msgId" : "2305586990205069",
    "creationDateTime" : "2025-11-29 07:20:45.493"
  },
  "paymentInfo" : {
    "identification" : {
      "endToEndId" : "2305586990205069"
    }
  },
  "status" : {
    "code" : "200",
    "subCode" : "0000",
    "msg" : "State is changed successfully"
  }
}
2025-11-29 13:20:47 [INF] Sending PAID notification to WesternUnionUAT for EndToEndId=2334184040728559 with code=4030
2025-11-29 13:20:47 [INF] WU response OK for EndToEndId=2334184040728559. StatusCode=200, Body={
  "header" : {
    "msgId" : "2334184040728559",
    "creationDateTime" : "2025-11-29 07:20:47.514"
  },
  "paymentInfo" : {
    "identification" : {
      "endToEndId" : "2334184040728559"
    }
  },
  "status" : {
    "code" : "404",
    "subCode" : "7200",
    "msg" : "Transaction does not exist."
  }
}
2025-11-29 13:20:49 [INF] Sending PAID notification to WesternUnionUAT for EndToEndId=2334186940178686 with code=4030
2025-11-29 13:20:49 [INF] WU response OK for EndToEndId=2334186940178686. StatusCode=200, Body={
  "header" : {
    "msgId" : "2334186940178686",
    "creationDateTime" : "2025-11-29 07:20:49.433"
  },
  "paymentInfo" : {
    "identification" : {
      "endToEndId" : "2334186940178686"
    }
  },
  "status" : {
    "code" : "404",
    "subCode" : "7200",
    "msg" : "Transaction does not exist."
  }
}
2025-11-29 13:20:51 [INF] Sending PAID notification to WesternUnionUAT for EndToEndId=2334187339242397 with code=4030
2025-11-29 13:20:51 [INF] WU response OK for EndToEndId=2334187339242397. StatusCode=200, Body={
  "header" : {
    "msgId" : "2334187339242397",
    "creationDateTime" : "2025-11-29 07:20:51.366"
  },
  "paymentInfo" : {
    "identification" : {
      "endToEndId" : "2334187339242397"
    }
  },
  "status" : {
    "code" : "404",
    "subCode" : "7200",
    "msg" : "Transaction does not exist."
  }
}
2025-11-29 13:20:53 [INF] Sending PAID notification to WesternUnionUAT for EndToEndId=2334188245095223 with code=4030
2025-11-29 13:20:53 [INF] WU response OK for EndToEndId=2334188245095223. StatusCode=200, Body={
  "header" : {
    "msgId" : "2334188245095223",
    "creationDateTime" : "2025-11-29 07:20:53.335"
  },
  "paymentInfo" : {
    "identification" : {
      "endToEndId" : "2334188245095223"
    }
  },
  "status" : {
    "code" : "404",
    "subCode" : "7200",
    "msg" : "Transaction does not exist."
  }
}
2025-11-29 13:20:55 [INF] Sending PAID notification to WesternUnionUAT for EndToEndId=2410682753149512 with code=4030
2025-11-29 13:20:55 [INF] WU response OK for EndToEndId=2410682753149512. StatusCode=200, Body={
  "header" : {
    "msgId" : "2410682753149512",
    "creationDateTime" : "2025-11-29 07:20:55.260"
  },
  "paymentInfo" : {
    "identification" : {
      "endToEndId" : "2410682753149512"
    }
  },
  "status" : {
    "code" : "200",
    "subCode" : "0000",
    "msg" : "State is changed successfully"
  }
}
2025-11-29 13:20:57 [INF] Sending PAID notification to WesternUnionUAT for EndToEndId=2410685610728330 with code=4030
2025-11-29 13:20:57 [INF] WU response OK for EndToEndId=2410685610728330. StatusCode=200, Body={
  "header" : {
    "msgId" : "2410685610728330",
    "creationDateTime" : "2025-11-29 07:20:57.437"
  },
  "paymentInfo" : {
    "identification" : {
      "endToEndId" : "2410685610728330"
    }
  },
  "status" : {
    "code" : "200",
    "subCode" : "0000",
    "msg" : "State is changed successfully"
  }
}
2025-11-29 13:20:59 [INF] Sending PAID notification to WesternUnionUAT for EndToEndId=2410689111046871 with code=4030
2025-11-29 13:21:00 [INF] WU response OK for EndToEndId=2410689111046871. StatusCode=200, Body={
  "header" : {
    "msgId" : "2410689111046871",
    "creationDateTime" : "2025-11-29 07:20:59.556"
  },
  "paymentInfo" : {
    "identification" : {
      "endToEndId" : "2410689111046871"
    }
  },
  "status" : {
    "code" : "200",
    "subCode" : "0000",
    "msg" : "State is changed successfully"
  }
}
2025-11-29 13:21:51 [INF] Sending CANCEL notification to WesternUnionUAT for EndToEndId=2228083818368660 with code=4024
2025-11-29 13:21:52 [INF] WU response OK for EndToEndId=2228083818368660. StatusCode=200, Body={
  "header" : {
    "msgId" : "2228083818368660",
    "creationDateTime" : "2025-11-29 07:21:51.644"
  },
  "paymentInfo" : {
    "identification" : {
      "endToEndId" : "2228083818368660"
    }
  },
  "status" : {
    "code" : "404",
    "subCode" : "7200",
    "msg" : "Transaction does not exist."
  }
}
2025-11-29 13:21:54 [INF] Sending CANCEL notification to WesternUnionUAT for EndToEndId=2228084322867817 with code=4024
2025-11-29 13:21:54 [INF] WU response OK for EndToEndId=2228084322867817. StatusCode=200, Body={
  "header" : {
    "msgId" : "2228084322867817",
    "creationDateTime" : "2025-11-29 07:21:54.228"
  },
  "paymentInfo" : {
    "identification" : {
      "endToEndId" : "2228084322867817"
    }
  },
  "status" : {
    "code" : "404",
    "subCode" : "7200",
    "msg" : "Transaction does not exist."
  }
}
2025-11-29 13:21:56 [INF] Sending CANCEL notification to WesternUnionUAT for EndToEndId=2228480892049530 with code=4024
2025-11-29 13:21:56 [INF] WU response OK for EndToEndId=2228480892049530. StatusCode=200, Body={
  "header" : {
    "msgId" : "2228480892049530",
    "creationDateTime" : "2025-11-29 07:21:56.154"
  },
  "paymentInfo" : {
    "identification" : {
      "endToEndId" : "2228480892049530"
    }
  },
  "status" : {
    "code" : "404",
    "subCode" : "7200",
    "msg" : "Transaction does not exist."
  }
}
2025-11-29 13:21:58 [INF] Sending CANCEL notification to WesternUnionUAT for EndToEndId=2228485770766160 with code=4024
2025-11-29 13:21:58 [INF] WU response OK for EndToEndId=2228485770766160. StatusCode=200, Body={
  "header" : {
    "msgId" : "2228485770766160",
    "creationDateTime" : "2025-11-29 07:21:58.105"
  },
  "paymentInfo" : {
    "identification" : {
      "endToEndId" : "2228485770766160"
    }
  },
  "status" : {
    "code" : "404",
    "subCode" : "7200",
    "msg" : "Transaction does not exist."
  }
}
2025-11-29 13:22:00 [INF] Sending CANCEL notification to WesternUnionUAT for EndToEndId=2228489720707017 with code=4024
2025-11-29 13:22:00 [INF] WU response OK for EndToEndId=2228489720707017. StatusCode=200, Body={
  "header" : {
    "msgId" : "2228489720707017",
    "creationDateTime" : "2025-11-29 07:22:00.033"
  },
  "paymentInfo" : {
    "identification" : {
      "endToEndId" : "2228489720707017"
    }
  },
  "status" : {
    "code" : "404",
    "subCode" : "7200",
    "msg" : "Transaction does not exist."
  }
}
2025-11-29 13:22:01 [INF] Sending CANCEL notification to WesternUnionUAT for EndToEndId=2228680982055570 with code=4024
2025-11-29 13:22:02 [INF] WU response OK for EndToEndId=2228680982055570. StatusCode=200, Body={
  "header" : {
    "msgId" : "2228680982055570",
    "creationDateTime" : "2025-11-29 07:22:01.992"
  },
  "paymentInfo" : {
    "identification" : {
      "endToEndId" : "2228680982055570"
    }
  },
  "status" : {
    "code" : "404",
    "subCode" : "7200",
    "msg" : "Transaction does not exist."
  }
}
2025-11-29 13:22:03 [INF] Sending CANCEL notification to WesternUnionUAT for EndToEndId=2228682621874171 with code=4024
2025-11-29 13:22:04 [INF] WU response OK for EndToEndId=2228682621874171. StatusCode=200, Body={
  "header" : {
    "msgId" : "2228682621874171",
    "creationDateTime" : "2025-11-29 07:22:03.920"
  },
  "paymentInfo" : {
    "identification" : {
      "endToEndId" : "2228682621874171"
    }
  },
  "status" : {
    "code" : "200",
    "subCode" : "0000",
    "msg" : "State is changed successfully"
  }
}
2025-11-29 13:22:05 [INF] Sending CANCEL notification to WesternUnionUAT for EndToEndId=2228682921289164 with code=4024
2025-11-29 13:22:06 [INF] WU response OK for EndToEndId=2228682921289164. StatusCode=200, Body={
  "header" : {
    "msgId" : "2228682921289164",
    "creationDateTime" : "2025-11-29 07:22:05.961"
  },
  "paymentInfo" : {
    "identification" : {
      "endToEndId" : "2228682921289164"
    }
  },
  "status" : {
    "code" : "404",
    "subCode" : "7200",
    "msg" : "Transaction does not exist."
  }
}
2025-11-29 13:22:07 [INF] Sending CANCEL notification to WesternUnionUAT for EndToEndId=2228684241743904 with code=4024
2025-11-29 13:22:08 [INF] WU response OK for EndToEndId=2228684241743904. StatusCode=200, Body={
  "header" : {
    "msgId" : "2228684241743904",
    "creationDateTime" : "2025-11-29 07:22:07.901"
  },
  "paymentInfo" : {
    "identification" : {
      "endToEndId" : "2228684241743904"
    }
  },
  "status" : {
    "code" : "500",
    "subCode" : "1510",
    "msg" : "Invalid payment state transition"
  }
}
2025-11-29 13:22:09 [INF] Sending CANCEL notification to WesternUnionUAT for EndToEndId=2228689290367575 with code=4024
2025-11-29 13:22:10 [INF] WU response OK for EndToEndId=2228689290367575. StatusCode=200, Body={
  "header" : {
    "msgId" : "2228689290367575",
    "creationDateTime" : "2025-11-29 07:22:09.917"
  },
  "paymentInfo" : {
    "identification" : {
      "endToEndId" : "2228689290367575"
    }
  },
  "status" : {
    "code" : "200",
    "subCode" : "0000",
    "msg" : "State is changed successfully"
  }
}
2025-11-29 13:22:11 [INF] Sending CANCEL notification to WesternUnionUAT for EndToEndId=2231289051334951 with code=4024
2025-11-29 13:22:12 [INF] WU response OK for EndToEndId=2231289051334951. StatusCode=200, Body={
  "header" : {
    "msgId" : "2231289051334951",
    "creationDateTime" : "2025-11-29 07:22:11.946"
  },
  "paymentInfo" : {
    "identification" : {
      "endToEndId" : "2231289051334951"
    }
  },
  "status" : {
    "code" : "404",
    "subCode" : "7200",
    "msg" : "Transaction does not exist."
  }
}
2025-11-29 13:22:13 [INF] Sending CANCEL notification to WesternUnionUAT for EndToEndId=2305284391155202 with code=4024
2025-11-29 13:22:14 [INF] WU response OK for EndToEndId=2305284391155202. StatusCode=200, Body={
  "header" : {
    "msgId" : "2305284391155202",
    "creationDateTime" : "2025-11-29 07:22:13.870"
  },
  "paymentInfo" : {
    "identification" : {
      "endToEndId" : "2305284391155202"
    }
  },
  "status" : {
    "code" : "200",
    "subCode" : "0000",
    "msg" : "State is changed successfully"
  }
}
2025-11-29 13:22:15 [INF] Sending CANCEL notification to WesternUnionUAT for EndToEndId=2305586990205069 with code=4024
2025-11-29 13:22:16 [INF] WU response OK for EndToEndId=2305586990205069. StatusCode=200, Body={
  "header" : {
    "msgId" : "2305586990205069",
    "creationDateTime" : "2025-11-29 07:22:15.929"
  },
  "paymentInfo" : {
    "identification" : {
      "endToEndId" : "2305586990205069"
    }
  },
  "status" : {
    "code" : "200",
    "subCode" : "0000",
    "msg" : "State is changed successfully"
  }
}
2025-11-29 13:22:17 [INF] Sending PAID notification to WesternUnionUAT for EndToEndId=2334184040728559 with code=4030
2025-11-29 13:22:18 [INF] WU response OK for EndToEndId=2334184040728559. StatusCode=200, Body={
  "header" : {
    "msgId" : "2334184040728559",
    "creationDateTime" : "2025-11-29 07:22:17.987"
  },
  "paymentInfo" : {
    "identification" : {
      "endToEndId" : "2334184040728559"
    }
  },
  "status" : {
    "code" : "404",
    "subCode" : "7200",
    "msg" : "Transaction does not exist."
  }
}
2025-11-29 13:22:19 [INF] Sending PAID notification to WesternUnionUAT for EndToEndId=2334186940178686 with code=4030
2025-11-29 13:22:20 [INF] WU response OK for EndToEndId=2334186940178686. StatusCode=200, Body={
  "header" : {
    "msgId" : "2334186940178686",
    "creationDateTime" : "2025-11-29 07:22:19.914"
  },
  "paymentInfo" : {
    "identification" : {
      "endToEndId" : "2334186940178686"
    }
  },
  "status" : {
    "code" : "404",
    "subCode" : "7200",
    "msg" : "Transaction does not exist."
  }
}
2025-11-29 13:22:21 [INF] Sending PAID notification to WesternUnionUAT for EndToEndId=2334187339242397 with code=4030
2025-11-29 13:22:22 [INF] WU response OK for EndToEndId=2334187339242397. StatusCode=200, Body={
  "header" : {
    "msgId" : "2334187339242397",
    "creationDateTime" : "2025-11-29 07:22:21.852"
  },
  "paymentInfo" : {
    "identification" : {
      "endToEndId" : "2334187339242397"
    }
  },
  "status" : {
    "code" : "404",
    "subCode" : "7200",
    "msg" : "Transaction does not exist."
  }
}
2025-11-29 13:22:23 [INF] Sending PAID notification to WesternUnionUAT for EndToEndId=2334188245095223 with code=4030
2025-11-29 13:22:24 [INF] WU response OK for EndToEndId=2334188245095223. StatusCode=200, Body={
  "header" : {
    "msgId" : "2334188245095223",
    "creationDateTime" : "2025-11-29 07:22:23.787"
  },
  "paymentInfo" : {
    "identification" : {
      "endToEndId" : "2334188245095223"
    }
  },
  "status" : {
    "code" : "404",
    "subCode" : "7200",
    "msg" : "Transaction does not exist."
  }
}
2025-11-29 13:22:25 [INF] Sending PAID notification to WesternUnionUAT for EndToEndId=2410682753149512 with code=4030
2025-11-29 13:22:26 [INF] WU response OK for EndToEndId=2410682753149512. StatusCode=200, Body={
  "header" : {
    "msgId" : "2410682753149512",
    "creationDateTime" : "2025-11-29 07:22:25.986"
  },
  "paymentInfo" : {
    "identification" : {
      "endToEndId" : "2410682753149512"
    }
  },
  "status" : {
    "code" : "200",
    "subCode" : "0000",
    "msg" : "State is changed successfully"
  }
}
2025-11-29 13:22:28 [INF] Sending PAID notification to WesternUnionUAT for EndToEndId=2410685610728330 with code=4030
2025-11-29 13:22:28 [INF] WU response OK for EndToEndId=2410685610728330. StatusCode=200, Body={
  "header" : {
    "msgId" : "2410685610728330",
    "creationDateTime" : "2025-11-29 07:22:28.027"
  },
  "paymentInfo" : {
    "identification" : {
      "endToEndId" : "2410685610728330"
    }
  },
  "status" : {
    "code" : "200",
    "subCode" : "0000",
    "msg" : "State is changed successfully"
  }
}
2025-11-29 13:22:30 [INF] Sending PAID notification to WesternUnionUAT for EndToEndId=2410689111046871 with code=4030
2025-11-29 13:22:30 [INF] WU response OK for EndToEndId=2410689111046871. StatusCode=200, Body={
  "header" : {
    "msgId" : "2410689111046871",
    "creationDateTime" : "2025-11-29 07:22:30.074"
  },
  "paymentInfo" : {
    "identification" : {
      "endToEndId" : "2410689111046871"
    }
  },
  "status" : {
    "code" : "200",
    "subCode" : "0000",
    "msg" : "State is changed successfully"
  }
}
2025-11-29 13:23:22 [INF] Sending CANCEL notification to WesternUnionUAT for EndToEndId=2228083818368660 with code=4024
2025-11-29 13:23:22 [INF] WU response OK for EndToEndId=2228083818368660. StatusCode=200, Body={
  "header" : {
    "msgId" : "2228083818368660",
    "creationDateTime" : "2025-11-29 07:23:22.146"
  },
  "paymentInfo" : {
    "identification" : {
      "endToEndId" : "2228083818368660"
    }
  },
  "status" : {
    "code" : "404",
    "subCode" : "7200",
    "msg" : "Transaction does not exist."
  }
}
2025-11-29 13:23:24 [INF] Sending CANCEL notification to WesternUnionUAT for EndToEndId=2228084322867817 with code=4024
2025-11-29 13:23:24 [INF] WU response OK for EndToEndId=2228084322867817. StatusCode=200, Body={
  "header" : {
    "msgId" : "2228084322867817",
    "creationDateTime" : "2025-11-29 07:23:24.323"
  },
  "paymentInfo" : {
    "identification" : {
      "endToEndId" : "2228084322867817"
    }
  },
  "status" : {
    "code" : "404",
    "subCode" : "7200",
    "msg" : "Transaction does not exist."
  }
}
2025-11-29 13:23:26 [INF] Sending CANCEL notification to WesternUnionUAT for EndToEndId=2228480892049530 with code=4024
2025-11-29 13:23:26 [INF] WU response OK for EndToEndId=2228480892049530. StatusCode=200, Body={
  "header" : {
    "msgId" : "2228480892049530",
    "creationDateTime" : "2025-11-29 07:23:26.258"
  },
  "paymentInfo" : {
    "identification" : {
      "endToEndId" : "2228480892049530"
    }
  },
  "status" : {
    "code" : "404",
    "subCode" : "7200",
    "msg" : "Transaction does not exist."
  }
}
2025-11-29 13:23:28 [INF] Sending CANCEL notification to WesternUnionUAT for EndToEndId=2228485770766160 with code=4024
2025-11-29 13:23:28 [INF] WU response OK for EndToEndId=2228485770766160. StatusCode=200, Body={
  "header" : {
    "msgId" : "2228485770766160",
    "creationDateTime" : "2025-11-29 07:23:28.185"
  },
  "paymentInfo" : {
    "identification" : {
      "endToEndId" : "2228485770766160"
    }
  },
  "status" : {
    "code" : "404",
    "subCode" : "7200",
    "msg" : "Transaction does not exist."
  }
}
2025-11-29 13:23:30 [INF] Sending CANCEL notification to WesternUnionUAT for EndToEndId=2228489720707017 with code=4024
2025-11-29 13:23:30 [INF] WU response OK for EndToEndId=2228489720707017. StatusCode=200, Body={
  "header" : {
    "msgId" : "2228489720707017",
    "creationDateTime" : "2025-11-29 07:23:30.381"
  },
  "paymentInfo" : {
    "identification" : {
      "endToEndId" : "2228489720707017"
    }
  },
  "status" : {
    "code" : "404",
    "subCode" : "7200",
    "msg" : "Transaction does not exist."
  }
}
2025-11-29 13:23:32 [INF] Sending CANCEL notification to WesternUnionUAT for EndToEndId=2228680982055570 with code=4024
2025-11-29 13:23:32 [INF] WU response OK for EndToEndId=2228680982055570. StatusCode=200, Body={
  "header" : {
    "msgId" : "2228680982055570",
    "creationDateTime" : "2025-11-29 07:23:32.307"
  },
  "paymentInfo" : {
    "identification" : {
      "endToEndId" : "2228680982055570"
    }
  },
  "status" : {
    "code" : "404",
    "subCode" : "7200",
    "msg" : "Transaction does not exist."
  }
}
2025-11-29 13:23:34 [INF] Sending CANCEL notification to WesternUnionUAT for EndToEndId=2228682621874171 with code=4024
2025-11-29 13:23:34 [INF] WU response OK for EndToEndId=2228682621874171. StatusCode=200, Body={
  "header" : {
    "msgId" : "2228682621874171",
    "creationDateTime" : "2025-11-29 07:23:34.272"
  },
  "paymentInfo" : {
    "identification" : {
      "endToEndId" : "2228682621874171"
    }
  },
  "status" : {
    "code" : "200",
    "subCode" : "0000",
    "msg" : "State is changed successfully"
  }
}
2025-11-29 13:23:36 [INF] Sending CANCEL notification to WesternUnionUAT for EndToEndId=2228682921289164 with code=4024
2025-11-29 13:23:36 [INF] WU response OK for EndToEndId=2228682921289164. StatusCode=200, Body={
  "header" : {
    "msgId" : "2228682921289164",
    "creationDateTime" : "2025-11-29 07:23:36.304"
  },
  "paymentInfo" : {
    "identification" : {
      "endToEndId" : "2228682921289164"
    }
  },
  "status" : {
    "code" : "404",
    "subCode" : "7200",
    "msg" : "Transaction does not exist."
  }
}
2025-11-29 13:23:38 [INF] Sending CANCEL notification to WesternUnionUAT for EndToEndId=2228684241743904 with code=4024
2025-11-29 13:23:38 [INF] WU response OK for EndToEndId=2228684241743904. StatusCode=200, Body={
  "header" : {
    "msgId" : "2228684241743904",
    "creationDateTime" : "2025-11-29 07:23:38.235"
  },
  "paymentInfo" : {
    "identification" : {
      "endToEndId" : "2228684241743904"
    }
  },
  "status" : {
    "code" : "500",
    "subCode" : "1510",
    "msg" : "Invalid payment state transition"
  }
}
2025-11-29 13:23:40 [INF] Sending CANCEL notification to WesternUnionUAT for EndToEndId=2228689290367575 with code=4024
2025-11-29 13:23:40 [INF] WU response OK for EndToEndId=2228689290367575. StatusCode=200, Body={
  "header" : {
    "msgId" : "2228689290367575",
    "creationDateTime" : "2025-11-29 07:23:40.235"
  },
  "paymentInfo" : {
    "identification" : {
      "endToEndId" : "2228689290367575"
    }
  },
  "status" : {
    "code" : "200",
    "subCode" : "0000",
    "msg" : "State is changed successfully"
  }
}
2025-11-29 13:23:42 [INF] Sending CANCEL notification to WesternUnionUAT for EndToEndId=2231289051334951 with code=4024
2025-11-29 13:23:42 [INF] WU response OK for EndToEndId=2231289051334951. StatusCode=200, Body={
  "header" : {
    "msgId" : "2231289051334951",
    "creationDateTime" : "2025-11-29 07:23:42.261"
  },
  "paymentInfo" : {
    "identification" : {
      "endToEndId" : "2231289051334951"
    }
  },
  "status" : {
    "code" : "404",
    "subCode" : "7200",
    "msg" : "Transaction does not exist."
  }
}
2025-11-29 13:23:44 [INF] Sending CANCEL notification to WesternUnionUAT for EndToEndId=2305284391155202 with code=4024
2025-11-29 13:23:44 [INF] WU response OK for EndToEndId=2305284391155202. StatusCode=200, Body={
  "header" : {
    "msgId" : "2305284391155202",
    "creationDateTime" : "2025-11-29 07:23:44.211"
  },
  "paymentInfo" : {
    "identification" : {
      "endToEndId" : "2305284391155202"
    }
  },
  "status" : {
    "code" : "200",
    "subCode" : "0000",
    "msg" : "State is changed successfully"
  }
}
2025-11-29 13:23:46 [INF] Sending CANCEL notification to WesternUnionUAT for EndToEndId=2305586990205069 with code=4024
2025-11-29 13:23:46 [INF] WU response OK for EndToEndId=2305586990205069. StatusCode=200, Body={
  "header" : {
    "msgId" : "2305586990205069",
    "creationDateTime" : "2025-11-29 07:23:46.270"
  },
  "paymentInfo" : {
    "identification" : {
      "endToEndId" : "2305586990205069"
    }
  },
  "status" : {
    "code" : "200",
    "subCode" : "0000",
    "msg" : "State is changed successfully"
  }
}
2025-11-29 13:23:48 [INF] Sending PAID notification to WesternUnionUAT for EndToEndId=2334184040728559 with code=4030
2025-11-29 13:23:48 [INF] WU response OK for EndToEndId=2334184040728559. StatusCode=200, Body={
  "header" : {
    "msgId" : "2334184040728559",
    "creationDateTime" : "2025-11-29 07:23:48.344"
  },
  "paymentInfo" : {
    "identification" : {
      "endToEndId" : "2334184040728559"
    }
  },
  "status" : {
    "code" : "404",
    "subCode" : "7200",
    "msg" : "Transaction does not exist."
  }
}
2025-11-29 13:23:50 [INF] Sending PAID notification to WesternUnionUAT for EndToEndId=2334186940178686 with code=4030
2025-11-29 13:23:50 [INF] WU response OK for EndToEndId=2334186940178686. StatusCode=200, Body={
  "header" : {
    "msgId" : "2334186940178686",
    "creationDateTime" : "2025-11-29 07:23:50.309"
  },
  "paymentInfo" : {
    "identification" : {
      "endToEndId" : "2334186940178686"
    }
  },
  "status" : {
    "code" : "404",
    "subCode" : "7200",
    "msg" : "Transaction does not exist."
  }
}
2025-11-29 13:23:52 [INF] Sending PAID notification to WesternUnionUAT for EndToEndId=2334187339242397 with code=4030
2025-11-29 13:23:52 [INF] WU response OK for EndToEndId=2334187339242397. StatusCode=200, Body={
  "header" : {
    "msgId" : "2334187339242397",
    "creationDateTime" : "2025-11-29 07:23:52.245"
  },
  "paymentInfo" : {
    "identification" : {
      "endToEndId" : "2334187339242397"
    }
  },
  "status" : {
    "code" : "404",
    "subCode" : "7200",
    "msg" : "Transaction does not exist."
  }
}
2025-11-29 13:23:54 [INF] Sending PAID notification to WesternUnionUAT for EndToEndId=2334188245095223 with code=4030
2025-11-29 13:23:54 [INF] WU response OK for EndToEndId=2334188245095223. StatusCode=200, Body={
  "header" : {
    "msgId" : "2334188245095223",
    "creationDateTime" : "2025-11-29 07:23:54.199"
  },
  "paymentInfo" : {
    "identification" : {
      "endToEndId" : "2334188245095223"
    }
  },
  "status" : {
    "code" : "404",
    "subCode" : "7200",
    "msg" : "Transaction does not exist."
  }
}
2025-11-29 13:23:56 [INF] Sending PAID notification to WesternUnionUAT for EndToEndId=2410682753149512 with code=4030
2025-11-29 13:23:56 [INF] WU response OK for EndToEndId=2410682753149512. StatusCode=200, Body={
  "header" : {
    "msgId" : "2410682753149512",
    "creationDateTime" : "2025-11-29 07:23:56.116"
  },
  "paymentInfo" : {
    "identification" : {
      "endToEndId" : "2410682753149512"
    }
  },
  "status" : {
    "code" : "200",
    "subCode" : "0000",
    "msg" : "State is changed successfully"
  }
}
2025-11-29 13:23:58 [INF] Sending PAID notification to WesternUnionUAT for EndToEndId=2410685610728330 with code=4030
2025-11-29 13:23:58 [INF] WU response OK for EndToEndId=2410685610728330. StatusCode=200, Body={
  "header" : {
    "msgId" : "2410685610728330",
    "creationDateTime" : "2025-11-29 07:23:58.200"
  },
  "paymentInfo" : {
    "identification" : {
      "endToEndId" : "2410685610728330"
    }
  },
  "status" : {
    "code" : "200",
    "subCode" : "0000",
    "msg" : "State is changed successfully"
  }
}
2025-11-29 13:24:00 [INF] Sending PAID notification to WesternUnionUAT for EndToEndId=2410689111046871 with code=4030
2025-11-29 13:24:00 [INF] WU response OK for EndToEndId=2410689111046871. StatusCode=200, Body={
  "header" : {
    "msgId" : "2410689111046871",
    "creationDateTime" : "2025-11-29 07:24:00.263"
  },
  "paymentInfo" : {
    "identification" : {
      "endToEndId" : "2410689111046871"
    }
  },
  "status" : {
    "code" : "200",
    "subCode" : "0000",
    "msg" : "State is changed successfully"
  }
}
2025-11-29 13:24:52 [INF] Sending CANCEL notification to WesternUnionUAT for EndToEndId=2228083818368660 with code=4024
2025-11-29 13:24:52 [INF] WU response OK for EndToEndId=2228083818368660. StatusCode=200, Body={
  "header" : {
    "msgId" : "2228083818368660",
    "creationDateTime" : "2025-11-29 07:24:52.342"
  },
  "paymentInfo" : {
    "identification" : {
      "endToEndId" : "2228083818368660"
    }
  },
  "status" : {
    "code" : "404",
    "subCode" : "7200",
    "msg" : "Transaction does not exist."
  }
}
2025-11-29 13:24:54 [INF] Sending CANCEL notification to WesternUnionUAT for EndToEndId=2228084322867817 with code=4024
2025-11-29 13:24:54 [INF] WU response OK for EndToEndId=2228084322867817. StatusCode=200, Body={
  "header" : {
    "msgId" : "2228084322867817",
    "creationDateTime" : "2025-11-29 07:24:54.590"
  },
  "paymentInfo" : {
    "identification" : {
      "endToEndId" : "2228084322867817"
    }
  },
  "status" : {
    "code" : "404",
    "subCode" : "7200",
    "msg" : "Transaction does not exist."
  }
}
2025-11-29 13:24:56 [INF] Sending CANCEL notification to WesternUnionUAT for EndToEndId=2228480892049530 with code=4024
2025-11-29 13:24:56 [INF] WU response OK for EndToEndId=2228480892049530. StatusCode=200, Body={
  "header" : {
    "msgId" : "2228480892049530",
    "creationDateTime" : "2025-11-29 07:24:56.526"
  },
  "paymentInfo" : {
    "identification" : {
      "endToEndId" : "2228480892049530"
    }
  },
  "status" : {
    "code" : "404",
    "subCode" : "7200",
    "msg" : "Transaction does not exist."
  }
}
2025-11-29 13:24:58 [INF] Sending CANCEL notification to WesternUnionUAT for EndToEndId=2228485770766160 with code=4024
2025-11-29 13:24:58 [INF] WU response OK for EndToEndId=2228485770766160. StatusCode=200, Body={
  "header" : {
    "msgId" : "2228485770766160",
    "creationDateTime" : "2025-11-29 07:24:58.460"
  },
  "paymentInfo" : {
    "identification" : {
      "endToEndId" : "2228485770766160"
    }
  },
  "status" : {
    "code" : "404",
    "subCode" : "7200",
    "msg" : "Transaction does not exist."
  }
}
2025-11-29 13:25:00 [INF] Sending CANCEL notification to WesternUnionUAT for EndToEndId=2228489720707017 with code=4024
2025-11-29 13:25:00 [INF] WU response OK for EndToEndId=2228489720707017. StatusCode=200, Body={
  "header" : {
    "msgId" : "2228489720707017",
    "creationDateTime" : "2025-11-29 07:25:00.396"
  },
  "paymentInfo" : {
    "identification" : {
      "endToEndId" : "2228489720707017"
    }
  },
  "status" : {
    "code" : "404",
    "subCode" : "7200",
    "msg" : "Transaction does not exist."
  }
}
2025-11-29 13:25:02 [INF] Sending CANCEL notification to WesternUnionUAT for EndToEndId=2228680982055570 with code=4024
2025-11-29 13:25:02 [INF] WU response OK for EndToEndId=2228680982055570. StatusCode=200, Body={
  "header" : {
    "msgId" : "2228680982055570",
    "creationDateTime" : "2025-11-29 07:25:02.347"
  },
  "paymentInfo" : {
    "identification" : {
      "endToEndId" : "2228680982055570"
    }
  },
  "status" : {
    "code" : "404",
    "subCode" : "7200",
    "msg" : "Transaction does not exist."
  }
}
2025-11-29 13:25:04 [INF] Sending CANCEL notification to WesternUnionUAT for EndToEndId=2228682621874171 with code=4024
2025-11-29 13:25:04 [INF] WU response OK for EndToEndId=2228682621874171. StatusCode=200, Body={
  "header" : {
    "msgId" : "2228682621874171",
    "creationDateTime" : "2025-11-29 07:25:04.282"
  },
  "paymentInfo" : {
    "identification" : {
      "endToEndId" : "2228682621874171"
    }
  },
  "status" : {
    "code" : "200",
    "subCode" : "0000",
    "msg" : "State is changed successfully"
  }
}
2025-11-29 13:25:06 [INF] Sending CANCEL notification to WesternUnionUAT for EndToEndId=2228682921289164 with code=4024
2025-11-29 13:25:06 [INF] WU response OK for EndToEndId=2228682921289164. StatusCode=200, Body={
  "header" : {
    "msgId" : "2228682921289164",
    "creationDateTime" : "2025-11-29 07:25:06.389"
  },
  "paymentInfo" : {
    "identification" : {
      "endToEndId" : "2228682921289164"
    }
  },
  "status" : {
    "code" : "404",
    "subCode" : "7200",
    "msg" : "Transaction does not exist."
  }
}
2025-11-29 13:25:08 [INF] Sending CANCEL notification to WesternUnionUAT for EndToEndId=2228684241743904 with code=4024
